// Jest Snapshot v1, https://goo.gl/fbAQLP

exports[`dashboard should render a snap shot 1`] = `"<div class=\\"css-c8dous \\">0Loading...</div>"`;
