// Jest Snapshot v1, https://goo.gl/fbAQLP

exports[`wemo should test the function 1`] = `"wemo switch test test"`;
