// Jest Snapshot v1, https://goo.gl/fbAQLP

exports[`Loader should take a snapshot 1`] = `"<div class=\\"css-b948lk\\"><div class=\\"loader-outter\\"></div><div class=\\"loader-inner\\"></div></div>"`;
