// Jest Snapshot v1, https://goo.gl/fbAQLP

exports[`TreeView should render a snap shot 1`] = `ReactWrapper {}`;
