// Jest Snapshot v1, https://goo.gl/fbAQLP

exports[`dashboard should render a snap shot 1`] = `"<div class=\\"css-15c4fvq\\"><div class=\\"graph-container\\"><svg width=\\"0\\" height=\\"0\\"><g transform=\\"translate(50,50)\\"><g class=\\"x-axis\\" transform=\\"translate(0,-100)\\" fill=\\"none\\" font-size=\\"10\\" font-family=\\"sans-serif\\" text-anchor=\\"middle\\"><path class=\\"domain\\" stroke=\\"currentColor\\" d=\\"M0.5,6V0.5H-99.5V6\\"></path><g class=\\"tick\\" opacity=\\"1\\" transform=\\"translate(-49.5,0)\\"><line stroke=\\"currentColor\\" y2=\\"6\\"></line><text fill=\\"currentColor\\" y=\\"9\\" dy=\\"0.71em\\">2021-01-02</text></g></g><line x1=\\"0.5\\" y1=\\"0\\" x2=\\"0.5\\" y2=\\"-100\\" stroke=\\"currentcolor\\"></line><g class=\\"y-axis\\" fill=\\"none\\" font-size=\\"10\\" font-family=\\"sans-serif\\" text-anchor=\\"end\\"><g class=\\"tick\\" opacity=\\"1\\" transform=\\"translate(0,-49.5)\\"><line stroke=\\"currentColor\\" x2=\\"-100\\" class=\\"tick-line\\"></line><text fill=\\"currentColor\\" x=\\"-4\\" dy=\\"0.32em\\">1</text></g></g><line x1=\\"-99.5\\" y1=\\"0\\" x2=\\"-99.5\\" y2=\\"-100\\" stroke=\\"currentcolor\\"></line><line x1=\\"0\\" y1=\\"0.5\\" x2=\\"-99.5\\" y2=\\"0.5\\" stroke=\\"currentcolor\\"></line><path class=\\"line\\" d=\\"M-50,-50Z\\"></path><text class=\\"graph-title\\">test - test</text><g class=\\"tooltip\\" transform=\\"translate(50, 0)\\" display=\\"none\\"><line x1=\\"0\\" y1=\\"0\\" x2=\\"0\\" y2=\\"-100\\"></line><circle cx=\\"0\\" cy=\\"0\\" r=\\"5\\"></circle><text></text></g><rect fill=\\"none\\" opacity=\\"0.5\\" x=\\"0\\" y=\\"0\\" width=\\"14\\" height=\\"-100\\"></rect></g></svg></div></div>"`;
