// Jest Snapshot v1, https://goo.gl/fbAQLP

exports[`App should render a snap shot 1`] = `ReactWrapper {}`;
