// Jest Snapshot v1, https://goo.gl/fbAQLP

exports[`SensorDetails should render a snap shot 1`] = `ReactWrapper {}`;

exports[`SensorDetails should test functionality 1`] = `"<div class=\\"css-1b5h7m0\\"><div class=\\"grid\\"><div class=\\"item\\">Station:<span>test</span></div><div class=\\"item\\">Sensor:<span>test</span></div><div class=\\"item\\">Last Reading Time:<span>1-11-1 1:1</span></div><div class=\\"item\\">Last Reading Value:<span>1</span></div><div class=\\"item\\">Update name:<input name=\\"sensorName\\" value=\\"test\\"></div><div class=\\"item\\">Description<input name=\\"sensorDescription\\" value=\\"\\"></div><div class=\\"item\\">Coefs:<input name=\\"sensorCoefs\\" value=\\"\\"></div><div class=\\"item\\"><button type=\\"button\\">save</button><span>Name must be something</span></div></div><div class=\\"actions-title\\">Actions</div><div class=\\"actions-grid\\"><div class=\\"actions-item\\">Value</div><div class=\\"actions-item\\">Condition</div><div class=\\"actions-item\\">action</div><div class=\\"actions-item\\">interval</div><div class=\\"actions-item\\">meta?</div></div></div>"`;
