// Jest Snapshot v1, https://goo.gl/fbAQLP

exports[`Header should render a snap shot 1`] = `ReactWrapper {}`;
